// Jest Snapshot v1, https://goo.gl/fbAQLP

exports[`Header should take a snapshot when passed the correct data 1`] = `
<header>
  <h1>
    Free Pour
  </h1>
  <h2>
    Welcome, UserName
  </h2>
</header>
`;
